kotlin version: 2.2.0
error message: Incremental compilation failed: The following FqNames can't be derived from DirtyData.dirtyLookupSymbols: org.caexplorer.domain.cellstate.IntegerCellState.
DirtyData = DirtyData(dirtyLookupSymbols=[LookupSymbol(name=HammingDistanceAnalysis, scope=org.caexplorer.analysis), LookupSymbol(name=AnalysisRegistry, scope=org.caexplorer.analysis), LookupSymbol(name=AnalysisResult, scope=org.caexplorer.analysis), LookupSymbol(name=ActivityAnalysis, scope=org.caexplorer.analysis), LookupSymbol(name=SimulationFileData, scope=org.caexplorer.data), LookupSymbol(name=SimulationStatus, scope=org.caexplorer.engine), LookupSymbol(name=RuleProperty, scope=org.caexplorer.domain.rule), LookupSymbol(name=PopulationAnalysis, scope=org.caexplorer.analysis), LookupSymbol(name=<SAM-CONSTRUCTOR>, scope=org.caexplorer.domain.cellstate.IntegerCellState), LookupSymbol(name=IntProperty, scope=org.caexplorer.domain.rule.RuleProperty), LookupSymbol(name=Companion, scope=org.caexplorer.domain.cellstate.IntegerCellState), LookupSymbol(name=SECOND_DRAW_STATE, scope=org.caexplorer.domain.cellstate.IntegerCellState.Companion), LookupSymbol(name=SimulationEngine, scope=org.caexplorer.engine), LookupSymbol(name=DRAW_STATE, scope=org.caexplorer.domain.cellstate.IntegerCellState.Companion), LookupSymbol(name=SimulationConfig, scope=org.caexplorer.engine), LookupSymbol(name=Histogram, scope=org.caexplorer.analysis.AnalysisResult), LookupSymbol(name=alternateState, scope=org.caexplorer.domain.cellstate.IntegerCellState.Companion), LookupSymbol(name=DensityAnalysis, scope=org.caexplorer.analysis), LookupSymbol(name=serializeSimulation, scope=org.caexplorer.data), LookupSymbol(name=<SAM-CONSTRUCTOR>, scope=org.caexplorer.domain.cellstate.IntegerCellState.Companion), LookupSymbol(name=SimulationState, scope=org.caexplorer.engine), LookupSymbol(name=Analysis, scope=org.caexplorer.analysis), LookupSymbol(name=EntropyAnalysis, scope=org.caexplorer.analysis), LookupSymbol(name=<SAM-CONSTRUCTOR>, scope=org.caexplorer.data), LookupSymbol(name=numStates, scope=org.caexplorer.domain.cellstate.IntegerCellState.Companion), LookupSymbol(name=SingleValue, scope=org.caexplorer.analysis.AnalysisResult), LookupSymbol(name=deserializeSimulation, scope=org.caexplorer.data), LookupSymbol(name=drawState, scope=org.caexplorer.domain.cellstate.IntegerCellState.Companion), LookupSymbol(name=ClusterAnalysis, scope=org.caexplorer.analysis)], dirtyClassesFqNames=[org.caexplorer.engine.SimulationState, org.caexplorer.data, org.caexplorer.analysis.AnalysisResult, org.caexplorer.analysis.AnalysisResult.Histogram, org.caexplorer.analysis.DensityAnalysis, org.caexplorer.domain.rule.RuleProperty.IntProperty, org.caexplorer.data.SimulationFileData, org.caexplorer.engine.SimulationStatus, org.caexplorer.engine.SimulationConfig, org.caexplorer.analysis.ActivityAnalysis, org.caexplorer.analysis.PopulationAnalysis, org.caexplorer.domain.rule.RuleProperty, org.caexplorer.domain.cellstate.IntegerCellState.Companion, org.caexplorer.analysis.AnalysisRegistry, org.caexplorer.analysis.AnalysisResult.SingleValue, org.caexplorer.engine.SimulationEngine, org.caexplorer.analysis.HammingDistanceAnalysis, org.caexplorer.analysis.ClusterAnalysis, org.caexplorer.domain.cellstate.IntegerCellState, org.caexplorer.analysis.Analysis, org.caexplorer.analysis.EntropyAnalysis], dirtyClassesFqNamesForceRecompile=[])
java.lang.IllegalStateException: The following FqNames can't be derived from DirtyData.dirtyLookupSymbols: org.caexplorer.domain.cellstate.IntegerCellState.
DirtyData = DirtyData(dirtyLookupSymbols=[LookupSymbol(name=HammingDistanceAnalysis, scope=org.caexplorer.analysis), LookupSymbol(name=AnalysisRegistry, scope=org.caexplorer.analysis), LookupSymbol(name=AnalysisResult, scope=org.caexplorer.analysis), LookupSymbol(name=ActivityAnalysis, scope=org.caexplorer.analysis), LookupSymbol(name=SimulationFileData, scope=org.caexplorer.data), LookupSymbol(name=SimulationStatus, scope=org.caexplorer.engine), LookupSymbol(name=RuleProperty, scope=org.caexplorer.domain.rule), LookupSymbol(name=PopulationAnalysis, scope=org.caexplorer.analysis), LookupSymbol(name=<SAM-CONSTRUCTOR>, scope=org.caexplorer.domain.cellstate.IntegerCellState), LookupSymbol(name=IntProperty, scope=org.caexplorer.domain.rule.RuleProperty), LookupSymbol(name=Companion, scope=org.caexplorer.domain.cellstate.IntegerCellState), LookupSymbol(name=SECOND_DRAW_STATE, scope=org.caexplorer.domain.cellstate.IntegerCellState.Companion), LookupSymbol(name=SimulationEngine, scope=org.caexplorer.engine), LookupSymbol(name=DRAW_STATE, scope=org.caexplorer.domain.cellstate.IntegerCellState.Companion), LookupSymbol(name=SimulationConfig, scope=org.caexplorer.engine), LookupSymbol(name=Histogram, scope=org.caexplorer.analysis.AnalysisResult), LookupSymbol(name=alternateState, scope=org.caexplorer.domain.cellstate.IntegerCellState.Companion), LookupSymbol(name=DensityAnalysis, scope=org.caexplorer.analysis), LookupSymbol(name=serializeSimulation, scope=org.caexplorer.data), LookupSymbol(name=<SAM-CONSTRUCTOR>, scope=org.caexplorer.domain.cellstate.IntegerCellState.Companion), LookupSymbol(name=SimulationState, scope=org.caexplorer.engine), LookupSymbol(name=Analysis, scope=org.caexplorer.analysis), LookupSymbol(name=EntropyAnalysis, scope=org.caexplorer.analysis), LookupSymbol(name=<SAM-CONSTRUCTOR>, scope=org.caexplorer.data), LookupSymbol(name=numStates, scope=org.caexplorer.domain.cellstate.IntegerCellState.Companion), LookupSymbol(name=SingleValue, scope=org.caexplorer.analysis.AnalysisResult), LookupSymbol(name=deserializeSimulation, scope=org.caexplorer.data), LookupSymbol(name=drawState, scope=org.caexplorer.domain.cellstate.IntegerCellState.Companion), LookupSymbol(name=ClusterAnalysis, scope=org.caexplorer.analysis)], dirtyClassesFqNames=[org.caexplorer.engine.SimulationState, org.caexplorer.data, org.caexplorer.analysis.AnalysisResult, org.caexplorer.analysis.AnalysisResult.Histogram, org.caexplorer.analysis.DensityAnalysis, org.caexplorer.domain.rule.RuleProperty.IntProperty, org.caexplorer.data.SimulationFileData, org.caexplorer.engine.SimulationStatus, org.caexplorer.engine.SimulationConfig, org.caexplorer.analysis.ActivityAnalysis, org.caexplorer.analysis.PopulationAnalysis, org.caexplorer.domain.rule.RuleProperty, org.caexplorer.domain.cellstate.IntegerCellState.Companion, org.caexplorer.analysis.AnalysisRegistry, org.caexplorer.analysis.AnalysisResult.SingleValue, org.caexplorer.engine.SimulationEngine, org.caexplorer.analysis.HammingDistanceAnalysis, org.caexplorer.analysis.ClusterAnalysis, org.caexplorer.domain.cellstate.IntegerCellState, org.caexplorer.analysis.Analysis, org.caexplorer.analysis.EntropyAnalysis], dirtyClassesFqNamesForceRecompile=[])
	at org.jetbrains.kotlin.incremental.classpathDiff.ClasspathChangesComputer.toProgramSymbols(ClasspathChangesComputer.kt:364)
	at org.jetbrains.kotlin.incremental.classpathDiff.ClasspathChangesComputer.computeFineGrainedKotlinClassChanges(ClasspathChangesComputer.kt:264)
	at org.jetbrains.kotlin.incremental.classpathDiff.ClasspathChangesComputer.computeKotlinClassChanges(ClasspathChangesComputer.kt:164)
	at org.jetbrains.kotlin.incremental.classpathDiff.ClasspathChangesComputer.computeClassChanges(ClasspathChangesComputer.kt:137)
	at org.jetbrains.kotlin.incremental.classpathDiff.ClasspathChangesComputer.computeChangedAndImpactedSet(ClasspathChangesComputer.kt:87)
	at org.jetbrains.kotlin.incremental.classpathDiff.ClasspathChangesComputer.computeClasspathChanges(ClasspathChangesComputer.kt:55)
	at org.jetbrains.kotlin.incremental.dirtyFiles.ClasspathSnapshotBasedImpactDeterminer.determineChangedAndImpactedSymbols(ClasspathSnapshotBasedImpactDeterminer.kt:42)
	at org.jetbrains.kotlin.incremental.dirtyFiles.JvmSourcesToCompileCalculator.calculateSourcesToCompileImpl(JvmSourcesToCompileCalculator.kt:41)
	at org.jetbrains.kotlin.incremental.dirtyFiles.JvmSourcesToCompileCalculator.calculateWithClasspathSnapshot(JvmSourcesToCompileCalculator.kt:97)
	at org.jetbrains.kotlin.incremental.IncrementalJvmCompilerRunner.calculateSourcesToCompile(IncrementalJvmCompilerRunner.kt:60)
	at org.jetbrains.kotlin.incremental.IncrementalJvmCompilerRunner.calculateSourcesToCompile(IncrementalJvmCompilerRunner.kt:23)
	at org.jetbrains.kotlin.incremental.IncrementalCompilerRunner.tryCompileIncrementally$lambda$10$compile(IncrementalCompilerRunner.kt:230)
	at org.jetbrains.kotlin.incremental.IncrementalCompilerRunner.tryCompileIncrementally(IncrementalCompilerRunner.kt:272)
	at org.jetbrains.kotlin.incremental.IncrementalCompilerRunner.compile(IncrementalCompilerRunner.kt:124)
	at org.jetbrains.kotlin.daemon.CompileServiceImplBase.execIncrementalCompiler(CompileServiceImpl.kt:679)
	at org.jetbrains.kotlin.daemon.CompileServiceImplBase.access$execIncrementalCompiler(CompileServiceImpl.kt:93)
	at org.jetbrains.kotlin.daemon.CompileServiceImpl.compile(CompileServiceImpl.kt:1806)
	at java.base/jdk.internal.reflect.NativeMethodAccessorImpl.invoke0(Native Method)
	at java.base/jdk.internal.reflect.NativeMethodAccessorImpl.invoke(NativeMethodAccessorImpl.java:77)
	at java.base/jdk.internal.reflect.DelegatingMethodAccessorImpl.invoke(DelegatingMethodAccessorImpl.java:43)
	at java.base/java.lang.reflect.Method.invoke(Method.java:569)
	at java.rmi/sun.rmi.server.UnicastServerRef.dispatch(UnicastServerRef.java:360)
	at java.rmi/sun.rmi.transport.Transport$1.run(Transport.java:200)
	at java.rmi/sun.rmi.transport.Transport$1.run(Transport.java:197)
	at java.base/java.security.AccessController.doPrivileged(AccessController.java:712)
	at java.rmi/sun.rmi.transport.Transport.serviceCall(Transport.java:196)
	at java.rmi/sun.rmi.transport.tcp.TCPTransport.handleMessages(TCPTransport.java:587)
	at java.rmi/sun.rmi.transport.tcp.TCPTransport$ConnectionHandler.run0(TCPTransport.java:828)
	at java.rmi/sun.rmi.transport.tcp.TCPTransport$ConnectionHandler.lambda$run$0(TCPTransport.java:705)
	at java.base/java.security.AccessController.doPrivileged(AccessController.java:399)
	at java.rmi/sun.rmi.transport.tcp.TCPTransport$ConnectionHandler.run(TCPTransport.java:704)
	at java.base/java.util.concurrent.ThreadPoolExecutor.runWorker(ThreadPoolExecutor.java:1136)
	at java.base/java.util.concurrent.ThreadPoolExecutor$Worker.run(ThreadPoolExecutor.java:635)
	at java.base/java.lang.Thread.run(Thread.java:840)


